// Jest Snapshot v1, https://goo.gl/fbAQLP

exports[`Prueba del componente <AppCategory /> Debe de mostrarse correctamente el componente 1`] = `
<form
  onSubmit={[Function]}
>
  <p />
  <input
    onChange={[Function]}
    type="text"
    value=""
  />
</form>
`;

exports[`Pruebas en <AddCategory /> debe de mostrarse correctamente  1`] = `
<form
  onSubmit={[Function]}
>
  <p />
  <input
    onChange={[Function]}
    type="text"
    value=""
  />
</form>
`;
